CASE all_missing 0 0 0 0 0 0 0 0 1 0 0 0 0 0 0 0
CASE late_0 0 0 0 0 0 0 1 0 1 0 0 0 0 0 0 0
CASE late_20 20 0 0 0 0 0 1 0 1 0 0 0 0 0 0 0
CASE late_21 20 21 0 0 0 0 1 0 1 0 0 0 0 0 0 0
CASE late_22 20 21 22 0 0 0 1 0 1 0 0 0 0 0 0 0
CASE late_23 20 21 22 23 0 0 1 0 1 0 0 0 0 0 0 0
CASE late_24 20 21 22 23 24 0 1 0 1 0 0 0 0 0 0 0
CASE late_25 20 21 22 23 24 25 1 0 1 0 0 0 0 0 0 0
CASE late_26 20 21 22 23 24 25 1 1 1 0 0 0 0 0 0 0
CASE late_27 20 21 22 23 24 25 1 1 0 0 0 0 0 0 0 0
CASE late_28 20 21 22 23 24 25 1 1 0 0 0 0 0 0 0 0
CASE late_40 20 21 22 23 24 25 1 1 0 0 40 0 0 0 0 0
CASE late_41 20 21 22 23 24 25 1 1 0 0 40 41 0 0 0 0
CASE late_42 20 21 22 23 24 25 1 1 0 0 40 41 42 0 0 0
CASE late_43 20 21 22 23 24 25 1 1 0 0 40 41 42 43 0 0
CASE late_44 20 21 22 23 24 25 1 1 0 0 40 41 42 43 44 0
CASE late_45 20 21 22 23 24 25 1 1 0 0 40 41 42 43 44 45
CASE 0_variant_0 20 21 22 23 24 25 0 1 0 0 40 41 42 43 44 45
CASE 0_variant_1 20 21 22 23 24 25 0 1 0 0 40 41 42 43 44 45
CASE 0_variant_2 20 21 22 23 24 25 0 1 0 0 40 41 42 43 44 45
CASE 0_variant_3 20 21 22 23 24 25 0 1 0 0 40 41 42 43 44 45
CASE 0_variant_4 20 21 22 23 24 25 0 1 0 0 40 41 42 43 44 45
CASE 0_variant_5 20 21 22 23 24 25 1 1 0 0 40 41 42 43 44 45
CASE 0_variant_6 20 21 22 23 24 25 1 1 0 0 40 41 42 43 44 45
CASE 0_variant_7 20 21 22 23 24 25 1 1 0 0 40 41 42 43 44 45
CASE 0_variant_8 20 21 22 23 24 25 1 1 0 0 40 41 42 43 44 45
CASE 0_variant_9 20 21 22 23 24 25 1 1 0 0 40 41 42 43 44 45
CASE 0_variant_10 20 21 22 23 24 25 1 1 0 0 40 41 42 43 44 45
CASE 0_variant_11 20 21 22 23 24 25 0 1 0 0 40 41 42 43 44 45
CASE 0_variant_12 20 21 22 23 24 25 1 1 0 0 40 41 42 43 44 45
CASE 0_variant_13 20 21 22 23 24 25 0 1 0 0 40 41 42 43 44 45
CASE 0_variant_14 20 21 22 23 24 25 1 1 0 0 40 41 42 43 44 45
CASE 0_variant_15 20 21 22 23 24 25 0 1 0 0 40 41 42 43 44 45
CASE 0_variant_16 20 21 22 23 24 25 1 1 0 0 40 41 42 43 44 45
CASE 0_variant_17 20 21 22 23 24 25 1 1 0 0 40 41 42 43 44 45
CASE 20_variant_0 0 21 22 23 24 25 1 0 0 0 40 41 42 43 44 45
CASE 20_variant_1 0 21 22 23 24 25 1 0 0 0 40 41 42 43 44 45
CASE 20_variant_2 0 21 22 23 24 25 1 0 0 0 40 41 42 43 44 45
CASE 20_variant_3 0 21 22 23 24 25 1 0 0 0 40 41 42 43 44 45
CASE 20_variant_4 0 21 22 23 24 25 1 0 0 0 40 41 42 43 44 45
CASE 20_variant_5 0 21 22 23 24 25 1 0 0 0 40 41 42 43 44 45
CASE 20_variant_6 20 21 22 23 24 25 1 1 0 0 40 41 42 43 44 45
CASE 20_variant_7 0 21 22 23 24 25 1 0 0 0 40 41 42 43 44 45
CASE 20_variant_8 20 21 22 23 24 25 1 1 0 0 40 41 42 43 44 45
CASE 20_variant_9 0 21 22 23 24 25 1 0 0 0 40 41 42 43 44 45
CASE 20_variant_10 20 21 22 23 24 25 1 1 0 0 40 41 42 43 44 45
CASE 20_variant_11 0 21 22 23 24 25 1 0 0 0 40 41 42 43 44 45
CASE 20_variant_12 20 21 22 23 24 25 1 1 0 0 40 41 42 43 44 45
CASE 20_variant_13 0 21 22 23 24 25 1 1 0 0 40 41 42 43 44 45
CASE 20_variant_14 100 21 22 23 24 25 1 1 0 0 40 41 42 43 44 45
CASE 20_variant_15 0.499 21 22 23 24 25 1 1 0 0 40 41 42 43 44 45
CASE 20_variant_16 0.5 21 22 23 24 25 1 1 0 0 40 41 42 43 44 45
CASE 20_variant_17 0 21 22 23 24 25 1 0 0 0 40 41 42 43 44 45
CASE 21_variant_0 20 0 22 23 24 25 1 0 0 0 40 41 42 43 44 45
CASE 21_variant_1 20 0 22 23 24 25 1 0 0 0 40 41 42 43 44 45
CASE 21_variant_2 20 0 22 23 24 25 1 0 0 0 40 41 42 43 44 45
CASE 21_variant_3 20 0 22 23 24 25 1 0 0 0 40 41 42 43 44 45
CASE 21_variant_4 20 0 22 23 24 25 1 0 0 0 40 41 42 43 44 45
CASE 21_variant_5 20 21 22 23 24 25 1 1 0 0 40 41 42 43 44 45
CASE 21_variant_6 20 21 22 23 24 25 1 1 0 0 40 41 42 43 44 45
CASE 21_variant_7 20 21 22 23 24 25 1 1 0 0 40 41 42 43 44 45
CASE 21_variant_8 20 21 22 23 24 25 1 1 0 0 40 41 42 43 44 45
CASE 21_variant_9 20 21 22 23 24 25 1 1 0 0 40 41 42 43 44 45
CASE 21_variant_10 20 21 22 23 24 25 1 1 0 0 40 41 42 43 44 45
CASE 21_variant_11 20 0 22 23 24 25 1 0 0 0 40 41 42 43 44 45
CASE 21_variant_12 20 21 22 23 24 25 1 1 0 0 40 41 42 43 44 45
CASE 21_variant_13 20 0 22 23 24 25 1 1 0 0 40 41 42 43 44 45
CASE 21_variant_14 20 120 22 23 24 25 1 1 0 0 40 41 42 43 44 45
CASE 21_variant_15 20 0.499 22 23 24 25 1 1 0 0 40 41 42 43 44 45
CASE 21_variant_16 20 0.5 22 23 24 25 1 1 0 0 40 41 42 43 44 45
CASE 21_variant_17 20 21 22 23 24 25 1 1 0 0 40 41 42 43 44 45
CASE 22_variant_0 20 21 0 23 24 25 1 0 0 0 40 41 42 43 44 45
CASE 22_variant_1 20 21 0 23 24 25 1 0 0 0 40 41 42 43 44 45
CASE 22_variant_2 20 21 0 23 24 25 1 0 0 0 40 41 42 43 44 45
CASE 22_variant_3 20 21 0 23 24 25 1 0 0 0 40 41 42 43 44 45
CASE 22_variant_4 20 21 0 23 24 25 1 0 0 0 40 41 42 43 44 45
CASE 22_variant_5 20 21 22 23 24 25 1 1 0 0 40 41 42 43 44 45
CASE 22_variant_6 20 21 22 23 24 25 1 1 0 0 40 41 42 43 44 45
CASE 22_variant_7 20 21 22 23 24 25 1 1 0 0 40 41 42 43 44 45
CASE 22_variant_8 20 21 22 23 24 25 1 1 0 0 40 41 42 43 44 45
CASE 22_variant_9 20 21 22 23 24 25 1 1 0 0 40 41 42 43 44 45
CASE 22_variant_10 20 21 22 23 24 25 1 1 0 0 40 41 42 43 44 45
CASE 22_variant_11 20 21 0 23 24 25 1 0 0 0 40 41 42 43 44 45
CASE 22_variant_12 20 21 22 23 24 25 1 1 0 0 40 41 42 43 44 45
CASE 22_variant_13 20 21 0 23 24 25 1 1 0 0 40 41 42 43 44 45
CASE 22_variant_14 20 21 120 23 24 25 1 1 0 0 40 41 42 43 44 45
CASE 22_variant_15 20 21 0.499 23 24 25 1 1 0 0 40 41 42 43 44 45
CASE 22_variant_16 20 21 0.5 23 24 25 1 1 0 0 40 41 42 43 44 45
CASE 22_variant_17 20 21 22 23 24 25 1 1 0 0 40 41 42 43 44 45
CASE 23_variant_0 20 21 22 0 24 25 1 0 0 0 40 41 42 43 44 45
CASE 23_variant_1 20 21 22 0 24 25 1 0 0 0 40 41 42 43 44 45
CASE 23_variant_2 20 21 22 0 24 25 1 0 0 0 40 41 42 43 44 45
CASE 23_variant_3 20 21 22 0 24 25 1 0 0 0 40 41 42 43 44 45
CASE 23_variant_4 20 21 22 0 24 25 1 0 0 0 40 41 42 43 44 45
CASE 23_variant_5 20 21 22 0 24 25 1 0 0 0 40 41 42 43 44 45
CASE 23_variant_6 20 21 22 23 24 25 1 1 0 0 40 41 42 43 44 45
CASE 23_variant_7 20 21 22 0 24 25 1 0 0 0 40 41 42 43 44 45
CASE 23_variant_8 20 21 22 23 24 25 1 1 0 0 40 41 42 43 44 45
CASE 23_variant_9 20 21 22 0 24 25 1 0 0 0 40 41 42 43 44 45
CASE 23_variant_10 20 21 22 23 24 25 1 1 0 0 40 41 42 43 44 45
CASE 23_variant_11 20 21 22 0 24 25 1 0 0 0 40 41 42 43 44 45
CASE 23_variant_12 20 21 22 23 24 25 1 1 0 0 40 41 42 43 44 45
CASE 23_variant_13 20 21 22 0 24 25 1 1 0 0 40 41 42 43 44 45
CASE 23_variant_14 20 21 22 120 24 25 1 1 0 0 40 41 42 43 44 45
CASE 23_variant_15 20 21 22 0.499 24 25 1 1 0 0 40 41 42 43 44 45
CASE 23_variant_16 20 21 22 0.5 24 25 1 1 0 0 40 41 42 43 44 45
CASE 23_variant_17 20 21 22 0 24 25 1 0 0 0 40 41 42 43 44 45
CASE 24_variant_0 20 21 22 23 0 25 1 0 0 0 40 41 42 43 44 45
CASE 24_variant_1 20 21 22 23 0 25 1 0 0 0 40 41 42 43 44 45
CASE 24_variant_2 20 21 22 23 0 25 1 0 0 0 40 41 42 43 44 45
CASE 24_variant_3 20 21 22 23 0 25 1 0 0 0 40 41 42 43 44 45
CASE 24_variant_4 20 21 22 23 0 25 1 0 0 0 40 41 42 43 44 45
CASE 24_variant_5 20 21 22 23 0 25 1 0 0 0 40 41 42 43 44 45
CASE 24_variant_6 20 21 22 23 24 25 1 1 0 0 40 41 42 43 44 45
CASE 24_variant_7 20 21 22 23 0 25 1 0 0 0 40 41 42 43 44 45
CASE 24_variant_8 20 21 22 23 24 25 1 1 0 0 40 41 42 43 44 45
CASE 24_variant_9 20 21 22 23 0 25 1 0 0 0 40 41 42 43 44 45
CASE 24_variant_10 20 21 22 23 24 25 1 1 0 0 40 41 42 43 44 45
CASE 24_variant_11 20 21 22 23 0 25 1 0 0 0 40 41 42 43 44 45
CASE 24_variant_12 20 21 22 23 24 25 1 1 0 0 40 41 42 43 44 45
CASE 24_variant_13 20 21 22 23 0 25 1 1 0 0 40 41 42 43 44 45
CASE 24_variant_14 20 21 22 23 120 25 1 1 0 0 40 41 42 43 44 45
CASE 24_variant_15 20 21 22 23 0.499 25 1 1 0 0 40 41 42 43 44 45
CASE 24_variant_16 20 21 22 23 0.5 25 1 1 0 0 40 41 42 43 44 45
CASE 24_variant_17 20 21 22 23 0 25 1 0 0 0 40 41 42 43 44 45
CASE 25_variant_0 20 21 22 23 24 0 1 1 0 0 40 41 42 43 44 45
CASE 25_variant_1 20 21 22 23 24 0 1 1 0 0 40 41 42 43 44 45
CASE 25_variant_2 20 21 22 23 24 0 1 1 0 0 40 41 42 43 44 45
CASE 25_variant_3 20 21 22 23 24 0 1 1 0 0 40 41 42 43 44 45
CASE 25_variant_4 20 21 22 23 24 0 1 1 0 0 40 41 42 43 44 45
CASE 25_variant_5 20 21 22 23 24 0 1 1 0 0 40 41 42 43 44 45
CASE 25_variant_6 20 21 22 23 24 25 1 1 0 0 40 41 42 43 44 45
CASE 25_variant_7 20 21 22 23 24 0 1 1 0 0 40 41 42 43 44 45
CASE 25_variant_8 20 21 22 23 24 25 1 1 0 0 40 41 42 43 44 45
CASE 25_variant_9 20 21 22 23 24 0 1 1 0 0 40 41 42 43 44 45
CASE 25_variant_10 20 21 22 23 24 25 1 1 0 0 40 41 42 43 44 45
CASE 25_variant_11 20 21 22 23 24 0 1 1 0 0 40 41 42 43 44 45
CASE 25_variant_12 20 21 22 23 24 25 1 1 0 0 40 41 42 43 44 45
CASE 25_variant_13 20 21 22 23 24 0 1 1 0 0 40 41 42 43 44 45
CASE 25_variant_14 20 21 22 23 24 120 1 1 0 0 40 41 42 43 44 45
CASE 25_variant_15 20 21 22 23 24 0.499 1 1 0 0 40 41 42 43 44 45
CASE 25_variant_16 20 21 22 23 24 0.5 1 1 0 0 40 41 42 43 44 45
CASE 25_variant_17 20 21 22 23 24 0 1 1 0 0 40 41 42 43 44 45
CASE 26_variant_0 20 21 22 23 24 25 1 0 0 0 40 41 42 43 44 45
CASE 26_variant_1 20 21 22 23 24 25 1 0 0 0 40 41 42 43 44 45
CASE 26_variant_2 20 21 22 23 24 25 1 0 0 0 40 41 42 43 44 45
CASE 26_variant_3 20 21 22 23 24 25 1 0 0 0 40 41 42 43 44 45
CASE 26_variant_4 20 21 22 23 24 25 1 0 0 0 40 41 42 43 44 45
CASE 26_variant_5 20 21 22 23 24 25 1 0 0 0 40 41 42 43 44 45
CASE 26_variant_6 20 21 22 23 24 25 1 1 0 0 40 41 42 43 44 45
CASE 26_variant_7 20 21 22 23 24 25 1 0 0 0 40 41 42 43 44 45
CASE 26_variant_8 20 21 22 23 24 25 1 1 0 0 40 41 42 43 44 45
CASE 26_variant_9 20 21 22 23 24 25 1 0 0 0 40 41 42 43 44 45
CASE 26_variant_10 20 21 22 23 24 25 1 1 0 0 40 41 42 43 44 45
CASE 26_variant_11 20 21 22 23 24 25 1 0 0 0 40 41 42 43 44 45
CASE 26_variant_12 20 21 22 23 24 25 1 1 0 0 40 41 42 43 44 45
CASE 26_variant_13 20 21 22 23 24 25 1 0 0 0 40 41 42 43 44 45
CASE 26_variant_14 20 21 22 23 24 25 1 1 0 0 40 41 42 43 44 45
CASE 26_variant_15 20 21 22 23 24 25 1 0 0 0 40 41 42 43 44 45
CASE 26_variant_16 20 21 22 23 24 25 1 1 0 0 40 41 42 43 44 45
CASE 26_variant_17 20 21 22 23 24 25 1 0 0 0 40 41 42 43 44 45
CASE 27_variant_0 20 21 22 23 24 25 1 1 1 0 40 41 42 43 44 45
CASE 27_variant_1 20 21 22 23 24 25 1 1 1 0 40 41 42 43 44 45
CASE 27_variant_2 20 21 22 23 24 25 1 1 1 0 40 41 42 43 44 45
CASE 27_variant_3 20 21 22 23 24 25 1 1 1 0 40 41 42 43 44 45
CASE 27_variant_4 20 21 22 23 24 25 1 1 1 0 40 41 42 43 44 45
CASE 27_variant_5 20 21 22 23 24 25 1 1 1 0 40 41 42 43 44 45
CASE 27_variant_6 20 21 22 23 24 25 1 1 0 0 40 41 42 43 44 45
CASE 27_variant_7 20 21 22 23 24 25 1 1 1 0 40 41 42 43 44 45
CASE 27_variant_8 20 21 22 23 24 25 1 1 0 0 40 41 42 43 44 45
CASE 27_variant_9 20 21 22 23 24 25 1 1 1 0 40 41 42 43 44 45
CASE 27_variant_10 20 21 22 23 24 25 1 1 0 0 40 41 42 43 44 45
CASE 27_variant_11 20 21 22 23 24 25 1 1 1 0 40 41 42 43 44 45
CASE 27_variant_12 20 21 22 23 24 25 1 1 0 0 40 41 42 43 44 45
CASE 27_variant_13 20 21 22 23 24 25 1 1 0 0 40 41 42 43 44 45
CASE 27_variant_14 20 21 22 23 24 25 1 1 1 0 40 41 42 43 44 45
CASE 27_variant_15 20 21 22 23 24 25 1 1 0 0 40 41 42 43 44 45
CASE 27_variant_16 20 21 22 23 24 25 1 1 1 0 40 41 42 43 44 45
CASE 27_variant_17 20 21 22 23 24 25 1 1 1 0 40 41 42 43 44 45
CASE 28_variant_0 20 21 22 23 24 25 1 1 0 0 40 41 42 43 44 45
CASE 28_variant_1 20 21 22 23 24 25 1 1 0 0 40 41 42 43 44 45
CASE 28_variant_2 20 21 22 23 24 25 1 1 0 0 40 41 42 43 44 45
CASE 28_variant_3 20 21 22 23 24 25 1 1 0 0 40 41 42 43 44 45
CASE 28_variant_4 20 21 22 23 24 25 1 1 0 0 40 41 42 43 44 45
CASE 28_variant_5 20 21 22 23 24 25 1 1 0 0 40 41 42 43 44 45
CASE 28_variant_6 20 21 22 23 24 25 1 1 0 0 40 41 42 43 44 45
CASE 28_variant_7 20 21 22 23 24 25 1 1 0 0 40 41 42 43 44 45
CASE 28_variant_8 20 21 22 23 24 25 1 1 0 0 40 41 42 43 44 45
CASE 28_variant_9 20 21 22 23 24 25 1 1 0 0 40 41 42 43 44 45
CASE 28_variant_10 20 21 22 23 24 25 1 1 0 0 40 41 42 43 44 45
CASE 28_variant_11 20 21 22 23 24 25 1 1 0 0 40 41 42 43 44 45
CASE 28_variant_12 20 21 22 23 24 25 1 1 0 0 40 41 42 43 44 45
CASE 28_variant_13 20 21 22 23 24 25 1 1 0 0 40 41 42 43 44 45
CASE 28_variant_14 20 21 22 23 24 25 1 1 0 1 40 41 42 43 44 45
CASE 28_variant_15 20 21 22 23 24 25 1 1 0 0 40 41 42 43 44 45
CASE 28_variant_16 20 21 22 23 24 25 1 1 0 1 40 41 42 43 44 45
CASE 28_variant_17 20 21 22 23 24 25 1 1 0 0 40 41 42 43 44 45
CASE 40_variant_0 20 21 22 23 24 25 1 1 0 0 0 41 42 43 44 45
CASE 40_variant_1 20 21 22 23 24 25 1 1 0 0 0 41 42 43 44 45
CASE 40_variant_2 20 21 22 23 24 25 1 1 0 0 0 41 42 43 44 45
CASE 40_variant_3 20 21 22 23 24 25 1 1 0 0 0 41 42 43 44 45
CASE 40_variant_4 20 21 22 23 24 25 1 1 0 0 0 41 42 43 44 45
CASE 40_variant_5 20 21 22 23 24 25 1 1 0 0 0 41 42 43 44 45
CASE 40_variant_6 20 21 22 23 24 25 1 1 0 0 40 41 42 43 44 45
CASE 40_variant_7 20 21 22 23 24 25 1 1 0 0 0 41 42 43 44 45
CASE 40_variant_8 20 21 22 23 24 25 1 1 0 0 40 41 42 43 44 45
CASE 40_variant_9 20 21 22 23 24 25 1 1 0 0 0 41 42 43 44 45
CASE 40_variant_10 20 21 22 23 24 25 1 1 0 0 40 41 42 43 44 45
CASE 40_variant_11 20 21 22 23 24 25 1 1 0 0 0 41 42 43 44 45
CASE 40_variant_12 20 21 22 23 24 25 1 1 0 0 40 41 42 43 44 45
CASE 40_variant_13 20 21 22 23 24 25 1 1 0 0 -2 41 42 43 44 45
CASE 40_variant_14 20 21 22 23 24 25 1 1 0 0 120 41 42 43 44 45
CASE 40_variant_15 20 21 22 23 24 25 1 1 0 0 0.499 41 42 43 44 45
CASE 40_variant_16 20 21 22 23 24 25 1 1 0 0 0.5 41 42 43 44 45
CASE 40_variant_17 20 21 22 23 24 25 1 1 0 0 0 41 42 43 44 45
CASE 41_variant_0 20 21 22 23 24 25 1 1 0 0 40 0 42 43 44 45
CASE 41_variant_1 20 21 22 23 24 25 1 1 0 0 40 0 42 43 44 45
CASE 41_variant_2 20 21 22 23 24 25 1 1 0 0 40 0 42 43 44 45
CASE 41_variant_3 20 21 22 23 24 25 1 1 0 0 40 0 42 43 44 45
CASE 41_variant_4 20 21 22 23 24 25 1 1 0 0 40 0 42 43 44 45
CASE 41_variant_5 20 21 22 23 24 25 1 1 0 0 40 0 42 43 44 45
CASE 41_variant_6 20 21 22 23 24 25 1 1 0 0 40 41 42 43 44 45
CASE 41_variant_7 20 21 22 23 24 25 1 1 0 0 40 0 42 43 44 45
CASE 41_variant_8 20 21 22 23 24 25 1 1 0 0 40 41 42 43 44 45
CASE 41_variant_9 20 21 22 23 24 25 1 1 0 0 40 0 42 43 44 45
CASE 41_variant_10 20 21 22 23 24 25 1 1 0 0 40 41 42 43 44 45
CASE 41_variant_11 20 21 22 23 24 25 1 1 0 0 40 0 42 43 44 45
CASE 41_variant_12 20 21 22 23 24 25 1 1 0 0 40 41 42 43 44 45
CASE 41_variant_13 20 21 22 23 24 25 1 1 0 0 40 -2 42 43 44 45
CASE 41_variant_14 20 21 22 23 24 25 1 1 0 0 40 120 42 43 44 45
CASE 41_variant_15 20 21 22 23 24 25 1 1 0 0 40 0.499 42 43 44 45
CASE 41_variant_16 20 21 22 23 24 25 1 1 0 0 40 0.5 42 43 44 45
CASE 41_variant_17 20 21 22 23 24 25 1 1 0 0 40 0 42 43 44 45
CASE 42_variant_0 20 21 22 23 24 25 1 1 0 0 40 41 0 43 44 45
CASE 42_variant_1 20 21 22 23 24 25 1 1 0 0 40 41 0 43 44 45
CASE 42_variant_2 20 21 22 23 24 25 1 1 0 0 40 41 0 43 44 45
CASE 42_variant_3 20 21 22 23 24 25 1 1 0 0 40 41 0 43 44 45
CASE 42_variant_4 20 21 22 23 24 25 1 1 0 0 40 41 0 43 44 45
CASE 42_variant_5 20 21 22 23 24 25 1 1 0 0 40 41 0 43 44 45
CASE 42_variant_6 20 21 22 23 24 25 1 1 0 0 40 41 42 43 44 45
CASE 42_variant_7 20 21 22 23 24 25 1 1 0 0 40 41 0 43 44 45
CASE 42_variant_8 20 21 22 23 24 25 1 1 0 0 40 41 42 43 44 45
CASE 42_variant_9 20 21 22 23 24 25 1 1 0 0 40 41 0 43 44 45
CASE 42_variant_10 20 21 22 23 24 25 1 1 0 0 40 41 42 43 44 45
CASE 42_variant_11 20 21 22 23 24 25 1 1 0 0 40 41 0 43 44 45
CASE 42_variant_12 20 21 22 23 24 25 1 1 0 0 40 41 42 43 44 45
CASE 42_variant_13 20 21 22 23 24 25 1 1 0 0 40 41 -2 43 44 45
CASE 42_variant_14 20 21 22 23 24 25 1 1 0 0 40 41 120 43 44 45
CASE 42_variant_15 20 21 22 23 24 25 1 1 0 0 40 41 0.499 43 44 45
CASE 42_variant_16 20 21 22 23 24 25 1 1 0 0 40 41 0.5 43 44 45
CASE 42_variant_17 20 21 22 23 24 25 1 1 0 0 40 41 0 43 44 45
CASE 43_variant_0 20 21 22 23 24 25 1 1 0 0 40 41 42 0 44 45
CASE 43_variant_1 20 21 22 23 24 25 1 1 0 0 40 41 42 0 44 45
CASE 43_variant_2 20 21 22 23 24 25 1 1 0 0 40 41 42 0 44 45
CASE 43_variant_3 20 21 22 23 24 25 1 1 0 0 40 41 42 0 44 45
CASE 43_variant_4 20 21 22 23 24 25 1 1 0 0 40 41 42 0 44 45
CASE 43_variant_5 20 21 22 23 24 25 1 1 0 0 40 41 42 0 44 45
CASE 43_variant_6 20 21 22 23 24 25 1 1 0 0 40 41 42 43 44 45
CASE 43_variant_7 20 21 22 23 24 25 1 1 0 0 40 41 42 0 44 45
CASE 43_variant_8 20 21 22 23 24 25 1 1 0 0 40 41 42 43 44 45
CASE 43_variant_9 20 21 22 23 24 25 1 1 0 0 40 41 42 0 44 45
CASE 43_variant_10 20 21 22 23 24 25 1 1 0 0 40 41 42 43 44 45
CASE 43_variant_11 20 21 22 23 24 25 1 1 0 0 40 41 42 0 44 45
CASE 43_variant_12 20 21 22 23 24 25 1 1 0 0 40 41 42 43 44 45
CASE 43_variant_13 20 21 22 23 24 25 1 1 0 0 40 41 42 -2 44 45
CASE 43_variant_14 20 21 22 23 24 25 1 1 0 0 40 41 42 120 44 45
CASE 43_variant_15 20 21 22 23 24 25 1 1 0 0 40 41 42 0.499 44 45
CASE 43_variant_16 20 21 22 23 24 25 1 1 0 0 40 41 42 0.5 44 45
CASE 43_variant_17 20 21 22 23 24 25 1 1 0 0 40 41 42 0 44 45
CASE 44_variant_0 20 21 22 23 24 25 1 1 0 0 40 41 42 43 0 45
CASE 44_variant_1 20 21 22 23 24 25 1 1 0 0 40 41 42 43 0 45
CASE 44_variant_2 20 21 22 23 24 25 1 1 0 0 40 41 42 43 0 45
CASE 44_variant_3 20 21 22 23 24 25 1 1 0 0 40 41 42 43 0 45
CASE 44_variant_4 20 21 22 23 24 25 1 1 0 0 40 41 42 43 0 45
CASE 44_variant_5 20 21 22 23 24 25 1 1 0 0 40 41 42 43 0 45
CASE 44_variant_6 20 21 22 23 24 25 1 1 0 0 40 41 42 43 44 45
CASE 44_variant_7 20 21 22 23 24 25 1 1 0 0 40 41 42 43 0 45
CASE 44_variant_8 20 21 22 23 24 25 1 1 0 0 40 41 42 43 44 45
CASE 44_variant_9 20 21 22 23 24 25 1 1 0 0 40 41 42 43 0 45
CASE 44_variant_10 20 21 22 23 24 25 1 1 0 0 40 41 42 43 44 45
CASE 44_variant_11 20 21 22 23 24 25 1 1 0 0 40 41 42 43 0 45
CASE 44_variant_12 20 21 22 23 24 25 1 1 0 0 40 41 42 43 44 45
CASE 44_variant_13 20 21 22 23 24 25 1 1 0 0 40 41 42 43 -2 45
CASE 44_variant_14 20 21 22 23 24 25 1 1 0 0 40 41 42 43 120 45
CASE 44_variant_15 20 21 22 23 24 25 1 1 0 0 40 41 42 43 0.499 45
CASE 44_variant_16 20 21 22 23 24 25 1 1 0 0 40 41 42 43 0.5 45
CASE 44_variant_17 20 21 22 23 24 25 1 1 0 0 40 41 42 43 0 45
CASE 45_variant_0 20 21 22 23 24 25 1 1 0 0 40 41 42 43 44 0
CASE 45_variant_1 20 21 22 23 24 25 1 1 0 0 40 41 42 43 44 0
CASE 45_variant_2 20 21 22 23 24 25 1 1 0 0 40 41 42 43 44 0
CASE 45_variant_3 20 21 22 23 24 25 1 1 0 0 40 41 42 43 44 0
CASE 45_variant_4 20 21 22 23 24 25 1 1 0 0 40 41 42 43 44 0
CASE 45_variant_5 20 21 22 23 24 25 1 1 0 0 40 41 42 43 44 0
CASE 45_variant_6 20 21 22 23 24 25 1 1 0 0 40 41 42 43 44 45
CASE 45_variant_7 20 21 22 23 24 25 1 1 0 0 40 41 42 43 44 0
CASE 45_variant_8 20 21 22 23 24 25 1 1 0 0 40 41 42 43 44 45
CASE 45_variant_9 20 21 22 23 24 25 1 1 0 0 40 41 42 43 44 0
CASE 45_variant_10 20 21 22 23 24 25 1 1 0 0 40 41 42 43 44 45
CASE 45_variant_11 20 21 22 23 24 25 1 1 0 0 40 41 42 43 44 0
CASE 45_variant_12 20 21 22 23 24 25 1 1 0 0 40 41 42 43 44 45
CASE 45_variant_13 20 21 22 23 24 25 1 1 0 0 40 41 42 43 44 -2
CASE 45_variant_14 20 21 22 23 24 25 1 1 0 0 40 41 42 43 44 120
CASE 45_variant_15 20 21 22 23 24 25 1 1 0 0 40 41 42 43 44 0.499
CASE 45_variant_16 20 21 22 23 24 25 1 1 0 0 40 41 42 43 44 0.5
CASE 45_variant_17 20 21 22 23 24 25 1 1 0 0 40 41 42 43 44 0
CASE deleted_cached_slots 0 0 0 0 0 0 0 0 1 0 0 0 0 0 0 0
CASE reused_by_unrelated_indexes 0 0 0 0 0 0 0 0 1 0 0 0 0 0 0 0
CASE reinsert_after_reuse 20 21 22 23 24 25 1 1 0 0 40 41 42 43 44 45
CASE config_disabled 20 21 22 23 24 25 0 1 0 0 40 41 42 43 44 45
READ_COUNTS single=16 batch=0
FAIL capability must issue one batch and zero single reads
