[  4%] Building CXX object CMakeFiles/edge_gateway.dir/src/agc_avc_controller.cpp.o
[  4%] Building CXX object CMakeFiles/edge_gateway.dir/src/agc_avc_command_mailbox.cpp.o
[  4%] Building CXX object CMakeFiles/edge_gateway.dir/src/agc_avc_service.cpp.o
[  8%] Building CXX object CMakeFiles/edge_gateway.dir/src/am5se_iec103_client.cpp.o
[  8%] Building CXX object CMakeFiles/edge_gateway.dir/src/alarm_service.cpp.o
[  8%] Building CXX object CMakeFiles/edge_gateway.dir/src/can_driver_service.cpp.o
[ 12%] Building CXX object CMakeFiles/edge_gateway.dir/src/can_signal_codec.cpp.o
[ 12%] Building CXX object CMakeFiles/edge_gateway.dir/src/collector.cpp.o
[ 12%] Building CXX object CMakeFiles/edge_gateway.dir/src/common/collector_base.cpp.o
[ 12%] Building CXX object CMakeFiles/edge_gateway.dir/src/command_executor.cpp.o
[ 16%] Building CXX object CMakeFiles/edge_gateway.dir/src/compute_engine_service.cpp.o
[ 16%] Building CXX object CMakeFiles/edge_gateway.dir/src/config_loader.cpp.o
[ 16%] Building CXX object CMakeFiles/edge_gateway.dir/src/control_dedup_store.cpp.o
[ 20%] Building CXX object CMakeFiles/edge_gateway.dir/src/dio_command_executor.cpp.o
[ 20%] Building CXX object CMakeFiles/edge_gateway.dir/src/dio_collector.cpp.o
[ 20%] Building CXX object CMakeFiles/edge_gateway.dir/src/dlt645_client.cpp.o
[ 25%] Building CXX object CMakeFiles/edge_gateway.dir/src/dlt645_command_executor.cpp.o
[ 25%] Building CXX object CMakeFiles/edge_gateway.dir/src/dlt645_collector.cpp.o
[ 25%] Building CXX object CMakeFiles/edge_gateway.dir/src/dlt645_codec.cpp.o
[ 29%] Building CXX object CMakeFiles/edge_gateway.dir/src/dlt645_standard_points_loader.cpp.o
[ 29%] Building CXX object CMakeFiles/edge_gateway.dir/src/event_engine_service.cpp.o
[ 29%] Building CXX object CMakeFiles/edge_gateway.dir/src/event_commit_status.cpp.o
[ 33%] Building CXX object CMakeFiles/edge_gateway.dir/src/ems_cluster.cpp.o
[ 33%] Building CXX object CMakeFiles/edge_gateway.dir/src/ems_cluster_dispatch.cpp.o
[ 33%] Building CXX object CMakeFiles/edge_gateway.dir/src/ems_cluster_network.cpp.o
[ 37%] Building CXX object CMakeFiles/edge_gateway.dir/src/ems_cluster_points.cpp.o
[ 37%] Building CXX object CMakeFiles/edge_gateway.dir/src/ems_cluster_transport.cpp.o
[ 37%] Building CXX object CMakeFiles/edge_gateway.dir/src/common/gateway_daemon.cpp.o
[ 41%] Building CXX object CMakeFiles/edge_gateway.dir/src/common/gateway_daemon_modbus.cpp.o
[ 41%] Building CXX object CMakeFiles/edge_gateway.dir/src/graph_ems_engine.cpp.o
[ 41%] Building CXX object CMakeFiles/edge_gateway.dir/src/iec_client.cpp.o
[ 41%] Building CXX object CMakeFiles/edge_gateway.dir/src/iec_codec.cpp.o
[ 41%] Building CXX object CMakeFiles/edge_gateway.dir/src/iec103_recording_command.cpp.o
[ 45%] Building CXX object CMakeFiles/edge_gateway.dir/src/iec103_recording_transfer_service.cpp.o
[ 45%] Building CXX object CMakeFiles/edge_gateway.dir/src/iec_command_executor.cpp.o
[ 45%] Building CXX object CMakeFiles/edge_gateway.dir/src/iec_collector.cpp.o
[ 50%] Building CXX object CMakeFiles/edge_gateway.dir/src/legacy_telemetry_payload.cpp.o
[ 50%] Building CXX object CMakeFiles/edge_gateway.dir/src/legacy_ems_engine.cpp.o
[ 54%] Building CXX object CMakeFiles/edge_gateway.dir/src/memory_point_store.cpp.o
[ 54%] Building CXX object CMakeFiles/edge_gateway.dir/src/ota_service.cpp.o
[ 58%] Building CXX object CMakeFiles/edge_gateway.dir/src/builtin_mqtt_driver_publisher.cpp.o
[ 58%] Building CXX object CMakeFiles/edge_gateway.dir/src/mqtt_event_outbox.cpp.o
[ 58%] Building CXX object CMakeFiles/edge_gateway.dir/src/mqtt_event_stats.cpp.o
[ 58%] Building CXX object CMakeFiles/edge_gateway.dir/src/mqtt_control_result_store.cpp.o
[ 62%] Building CXX object CMakeFiles/edge_gateway.dir/src/mqtt_driver_service.cpp.o
[ 62%] Building CXX object CMakeFiles/edge_gateway.dir/src/mqtt_forwarder_service.cpp.o
[ 66%] Building CXX object CMakeFiles/edge_gateway.dir/src/modbus_northbound_server.cpp.o
[ 66%] Building CXX object CMakeFiles/edge_gateway.dir/src/modbus_rtu_client.cpp.o
[ 66%] Building CXX object CMakeFiles/edge_gateway.dir/src/modbus_tcp_client.cpp.o
[ 70%] Building CXX object CMakeFiles/edge_gateway.dir/src/modbus_codec.cpp.o
[ 70%] Building CXX object CMakeFiles/edge_gateway.dir/src/point_store_router.cpp.o
[ 70%] Building CXX object CMakeFiles/edge_gateway.dir/src/read_task_planner.cpp.o
[ 70%] Building CXX object CMakeFiles/edge_gateway.dir/src/scada_runtime_map.cpp.o
[ 75%] Building CXX object CMakeFiles/edge_gateway.dir/src/scada_upper_computer_safety.cpp.o
[ 75%] Building CXX object CMakeFiles/edge_gateway.dir/src/sqlite_sample_writer.cpp.o
[ 75%] Building CXX object CMakeFiles/edge_gateway.dir/src/sqlite_alarm_writer.cpp.o
[ 75%] Building CXX object CMakeFiles/edge_gateway.dir/src/system_monitor_runtime_discovery.cpp.o
[ 75%] Building CXX object CMakeFiles/edge_gateway.dir/src/system_monitor_points.cpp.o
[ 79%] Building CXX object CMakeFiles/edge_gateway.dir/src/sysfs_gpio_port.cpp.o
[ 79%] Building CXX object CMakeFiles/edge_gateway.dir/src/system_monitor_service.cpp.o
[ 79%] Building CXX object CMakeFiles/edge_gateway.dir/src/timing_policy.cpp.o
[ 79%] Building CXX object CMakeFiles/edge_gateway.dir/src/writeback_service.cpp.o
[ 83%] Linking CXX static library libedge_gateway.a
[100%] Built target edge_gateway
