{"scenario":"before_helper_inputs","operation":"count_actual_capability","reads":16,"misses":16}
{"scenario":"before_helper_inputs","operation":"count_actual_target","reads":1,"misses":1}
{"scenario":"before_helper_inputs","operation":"actual_bridge_capability_plus_target","repeat":0,"iterations":200,"cpuUsPerCall":1306.68556,"wallUsPerCall":1307.31846}
{"scenario":"before_helper_inputs","operation":"actual_bridge_capability_plus_target","repeat":1,"iterations":200,"cpuUsPerCall":1274.83736,"wallUsPerCall":1275.788015}
{"scenario":"before_helper_inputs","operation":"actual_bridge_capability_plus_target","repeat":2,"iterations":200,"cpuUsPerCall":1274.0495,"wallUsPerCall":1275.02283}
{"scenario":"before_helper_inputs","operation":"single_16_capability","repeat":0,"iterations":200,"cpuUsPerCall":1180.462375,"wallUsPerCall":1181.155495}
{"scenario":"before_helper_inputs","operation":"single_16_capability","repeat":1,"iterations":200,"cpuUsPerCall":1208.041405,"wallUsPerCall":1208.88581}
{"scenario":"before_helper_inputs","operation":"single_16_capability","repeat":2,"iterations":200,"cpuUsPerCall":1180.995295,"wallUsPerCall":1181.90909}
{"scenario":"before_helper_inputs","operation":"batch_16_capability","repeat":0,"iterations":200,"cpuUsPerCall":285.87576,"wallUsPerCall":285.917425}
{"scenario":"before_helper_inputs","operation":"batch_16_capability","repeat":1,"iterations":200,"cpuUsPerCall":294.34994,"wallUsPerCall":294.362155}
{"scenario":"before_helper_inputs","operation":"batch_16_capability","repeat":2,"iterations":200,"cpuUsPerCall":283.364485,"wallUsPerCall":283.37651}
{"scenario":"before_helper_inputs","operation":"batch_22_primitives_only","repeat":0,"iterations":200,"cpuUsPerCall":277.63134,"wallUsPerCall":277.682365}
{"scenario":"before_helper_inputs","operation":"batch_22_primitives_only","repeat":1,"iterations":200,"cpuUsPerCall":291.48288,"wallUsPerCall":291.493435}
{"scenario":"before_helper_inputs","operation":"batch_22_primitives_only","repeat":2,"iterations":200,"cpuUsPerCall":280.412715,"wallUsPerCall":280.418875}
{"scenario":"helper_inputs_feedback_absent","operation":"count_actual_capability","reads":16,"misses":6}
{"scenario":"helper_inputs_feedback_absent","operation":"count_actual_target","reads":6,"misses":0}
{"scenario":"helper_inputs_feedback_absent","operation":"actual_bridge_capability_plus_target","repeat":0,"iterations":200,"cpuUsPerCall":485.208675,"wallUsPerCall":487.10567}
{"scenario":"helper_inputs_feedback_absent","operation":"actual_bridge_capability_plus_target","repeat":1,"iterations":200,"cpuUsPerCall":467.967705,"wallUsPerCall":470.231695}
{"scenario":"helper_inputs_feedback_absent","operation":"actual_bridge_capability_plus_target","repeat":2,"iterations":200,"cpuUsPerCall":477.12484,"wallUsPerCall":479.07174}
{"scenario":"helper_inputs_feedback_absent","operation":"single_16_capability","repeat":0,"iterations":200,"cpuUsPerCall":480.123,"wallUsPerCall":481.759155}
{"scenario":"helper_inputs_feedback_absent","operation":"single_16_capability","repeat":1,"iterations":200,"cpuUsPerCall":478.317025,"wallUsPerCall":479.7794}
{"scenario":"helper_inputs_feedback_absent","operation":"single_16_capability","repeat":2,"iterations":200,"cpuUsPerCall":474.23542,"wallUsPerCall":475.86779}
{"scenario":"helper_inputs_feedback_absent","operation":"batch_16_capability","repeat":0,"iterations":200,"cpuUsPerCall":279.458425,"wallUsPerCall":279.724455}
{"scenario":"helper_inputs_feedback_absent","operation":"batch_16_capability","repeat":1,"iterations":200,"cpuUsPerCall":288.817135,"wallUsPerCall":288.89476}
{"scenario":"helper_inputs_feedback_absent","operation":"batch_16_capability","repeat":2,"iterations":200,"cpuUsPerCall":286.73469,"wallUsPerCall":286.74199}
{"scenario":"helper_inputs_feedback_absent","operation":"batch_22_primitives_only","repeat":0,"iterations":200,"cpuUsPerCall":294.7634,"wallUsPerCall":294.77501}
{"scenario":"helper_inputs_feedback_absent","operation":"batch_22_primitives_only","repeat":1,"iterations":200,"cpuUsPerCall":300.896345,"wallUsPerCall":300.90364}
{"scenario":"helper_inputs_feedback_absent","operation":"batch_22_primitives_only","repeat":2,"iterations":200,"cpuUsPerCall":299.580275,"wallUsPerCall":299.59013}
{"scenario":"helper_inputs_feedback_absent","operation":"single_6_present_targets","repeat":0,"iterations":1000,"cpuUsPerCall":14.327258,"wallUsPerCall":14.329292}
{"scenario":"helper_inputs_feedback_absent","operation":"single_6_present_targets","repeat":1,"iterations":1000,"cpuUsPerCall":13.988978,"wallUsPerCall":14.457972}
{"scenario":"helper_inputs_feedback_absent","operation":"single_6_present_targets","repeat":2,"iterations":1000,"cpuUsPerCall":14.048239,"wallUsPerCall":14.168682}
{"scenario":"helper_inputs_feedback_absent","operation":"batch_6_present_targets","repeat":0,"iterations":1000,"cpuUsPerCall":7.954153,"wallUsPerCall":7.955805}
{"scenario":"helper_inputs_feedback_absent","operation":"batch_6_present_targets","repeat":1,"iterations":1000,"cpuUsPerCall":7.886088,"wallUsPerCall":7.886812}
{"scenario":"helper_inputs_feedback_absent","operation":"batch_6_present_targets","repeat":2,"iterations":1000,"cpuUsPerCall":7.542955,"wallUsPerCall":7.543383}
{"scenario":"health_absent_3_regexes","operation":"original_construct_and_search","repeat":0,"iterations":500,"cpuUsPerCall":98.22063,"wallUsPerCall":98.22463}
{"scenario":"health_absent_3_regexes","operation":"original_construct_and_search","repeat":1,"iterations":500,"cpuUsPerCall":98.77028,"wallUsPerCall":98.773272}
{"scenario":"health_absent_3_regexes","operation":"original_construct_and_search","repeat":2,"iterations":500,"cpuUsPerCall":98.212432,"wallUsPerCall":98.214004}
{"scenario":"health_absent_3_regexes","operation":"reused_same_patterns_search","repeat":0,"iterations":500,"cpuUsPerCall":0.970626,"wallUsPerCall":0.971228}
{"scenario":"health_absent_3_regexes","operation":"reused_same_patterns_search","repeat":1,"iterations":500,"cpuUsPerCall":0.933708,"wallUsPerCall":0.934116}
{"scenario":"health_absent_3_regexes","operation":"reused_same_patterns_search","repeat":2,"iterations":500,"cpuUsPerCall":0.950732,"wallUsPerCall":0.951254}
{"scenario":"health_fresh_4_regexes","operation":"original_construct_and_search","repeat":0,"iterations":500,"cpuUsPerCall":133.357558,"wallUsPerCall":133.360196}
{"scenario":"health_fresh_4_regexes","operation":"original_construct_and_search","repeat":1,"iterations":500,"cpuUsPerCall":131.641758,"wallUsPerCall":131.643266}
{"scenario":"health_fresh_4_regexes","operation":"original_construct_and_search","repeat":2,"iterations":500,"cpuUsPerCall":129.456272,"wallUsPerCall":129.45821}
{"scenario":"health_fresh_4_regexes","operation":"reused_same_patterns_search","repeat":0,"iterations":500,"cpuUsPerCall":11.462536,"wallUsPerCall":11.46908}
{"scenario":"health_fresh_4_regexes","operation":"reused_same_patterns_search","repeat":1,"iterations":500,"cpuUsPerCall":11.052704,"wallUsPerCall":11.054448}
{"scenario":"health_fresh_4_regexes","operation":"reused_same_patterns_search","repeat":2,"iterations":500,"cpuUsPerCall":10.874106,"wallUsPerCall":10.875004}
{"checksPassed":true,"sink":304379685}
